     1                                  bits 32
     2                                  
     3                                  global start
     4                                  
     5                                  extern exit
     6                                  import exit msvcrt.dll
     7                                  
     8                                  segment data use32 class=data
     9                                  
    10 00000000 05                      a db 5
    11 00000001 02                      b db 2
    12 00000002 0A                      c db 10
    13 00000003 01                      d db 1
    14                                  
    15                                  segment code use32 class=code
    16                                  start:
    17                                      ;c-(a+d)+(b+d) = 7 = 07h 
    18 00000000 A0[02000000]                mov al, [c]
    19 00000005 2A05[00000000]              sub al, [a]
    20 0000000B 2A05[03000000]              sub al, [d]
    21 00000011 0205[01000000]              add al, [b]
    22 00000017 0205[03000000]              add al, [d]
    23                                      ;al = 7 = 07h
    24                                      
    25                                      ;(c-a-d)+(c-b)-a = 7 = 07h
    26 0000001D A0[02000000]                mov al, [c]
    27 00000022 2A05[00000000]              sub al, [a]
    28 00000028 2A05[03000000]              sub al, [d]
    29 0000002E 0205[02000000]              add al, [c]
    30 00000034 2A05[01000000]              sub al, [b]
    31 0000003A 2A05[00000000]              sub al, [a]
    32                                      ;al = 7 = 07h
    33                                      
    34                                      ;(a+d+d)-c+(b+b) = 1 = 01h
    35 00000040 A0[00000000]                mov al, [a]
    36 00000045 0205[03000000]              add al, [d]
    37 0000004B 0205[03000000]              add al, [d]
    38 00000051 2A05[02000000]              sub al, [c]
    39 00000057 0205[01000000]              add al, [b]
    40 0000005D 0205[01000000]              add al, [b]
    41                                      ;al = 1 = 01h
    42                                      
    43                                      ;a-b-d+2+c+(10-b) = 22 = 16h
    44 00000063 A0[00000000]                mov al, [a]
    45 00000068 2A05[01000000]              sub al, [b]
    46 0000006E 2A05[03000000]              sub al, [d]
    47 00000074 0402                        add al, 2
    48 00000076 0205[02000000]              add al, [c]
    49 0000007C 040A                        add al, 10
    50 0000007E 2A05[01000000]              sub al, [b]
    51                                      ;al = 22 = 16h
    52                                      
    53                                      ;(a+a)-(c+b+d) = -3 = FDh
    54 00000084 A0[00000000]                mov al, [a]
    55 00000089 0205[00000000]              add al, [a]
    56 0000008F 2A05[02000000]              sub al, [c]
    57 00000095 2A05[01000000]              sub al, [b]
    58 0000009B 2A05[03000000]              sub al, [d]
    59                                      ;al = -3 = FDh
    60                                      
    61                                      ;(c+d+d)-(a+a+b) = 0 = 00h
    62 000000A1 A0[02000000]                mov al, [c]
    63 000000A6 0205[03000000]              add al, [d]
    64 000000AC 0205[03000000]              add al, [d]
    65 000000B2 2A05[00000000]              sub al, [a]
    66 000000B8 2A05[00000000]              sub al, [a]
    67 000000BE 2A05[01000000]              sub al, [b]
    68                                      ;al = 0 = 00h
    69                                      
    70                                      ;d-(a+b)-(c+c) = -26 = E5h
    71 000000C4 A0[03000000]                mov al, [d]
    72 000000C9 2A05[00000000]              sub al, [a]
    73 000000CF 2A05[01000000]              sub al, [b]
    74 000000D5 2A05[02000000]              sub al, [c]
    75 000000DB 2A05[02000000]              sub al, [c]
    76                                      ;al = -26 = E5h
    77                                      
    78 000000E1 6A00                        push dword 0
    79 000000E3 FF15[00000000]              call [exit]
