  main.cpp
  VectorDinamicCPP.vcxproj -> D:\Facultate\Programare orientata obiect\Laboratoare\Laborator 6\VectorDinamicCPP\VectorDinamicCPP\x64\Debug\VectorDinamicCPP.exe
D:\Facultate\Programare orientata obiect\Laboratoare\Laborator 6\VectorDinamicCPP\VectorDinamicCPP\VectorDinamicCPP\LinkedList.h(72): warning C26432: If you define or delete any default operation in the type 'class LinkedList<class Pet>', define or delete them all (c.21).
D:\Facultate\Programare orientata obiect\Laboratoare\Laborator 6\VectorDinamicCPP\VectorDinamicCPP\VectorDinamicCPP\LinkedList.h(81): warning C26409: Avoid calling new and delete explicitly, use std::make_unique<T> instead (r.11).
D:\Facultate\Programare orientata obiect\Laboratoare\Laborator 6\VectorDinamicCPP\VectorDinamicCPP\VectorDinamicCPP\LinkedList.h(81): warning C26400: Do not assign the result of an allocation or a function call with an owner<T> return value to a raw pointer, use owner<T> instead (i.11).
D:\Facultate\Programare orientata obiect\Laboratoare\Laborator 6\VectorDinamicCPP\VectorDinamicCPP\VectorDinamicCPP\VectorDinamicTemplate.h(86): warning C26409: Avoid calling new and delete explicitly, use std::make_unique<T> instead (r.11).
D:\Facultate\Programare orientata obiect\Laboratoare\Laborator 6\VectorDinamicCPP\VectorDinamicCPP\VectorDinamicCPP\VectorDinamicTemplate.h(76): warning C26455: Default constructor should not throw. Declare it 'noexcept' (f.6).
D:\Facultate\Programare orientata obiect\Laboratoare\Laborator 6\VectorDinamicCPP\VectorDinamicCPP\VectorDinamicCPP\VectorDinamicTemplate.h(76): warning C26409: Avoid calling new and delete explicitly, use std::make_unique<T> instead (r.11).
D:\Facultate\Programare orientata obiect\Laboratoare\Laborator 6\VectorDinamicCPP\VectorDinamicCPP\VectorDinamicCPP\VectorDinamicTemplate.h(154): warning C26439: This kind of function should not throw. Declare it 'noexcept' (f.6).
D:\Facultate\Programare orientata obiect\Laboratoare\Laborator 6\VectorDinamicCPP\VectorDinamicCPP\VectorDinamicCPP\VectorDinamicTemplate.h(107): warning C26409: Avoid calling new and delete explicitly, use std::make_unique<T> instead (r.11).
D:\Facultate\Programare orientata obiect\Laboratoare\Laborator 6\VectorDinamicCPP\VectorDinamicCPP\VectorDinamicCPP\VectorDinamicTemplate.h(179): warning C26440: Function 'VectDinNewDeleteT<Pet>::get' can be declared 'noexcept' (f.6).
D:\Facultate\Programare orientata obiect\Laboratoare\Laborator 6\VectorDinamicCPP\VectorDinamicCPP\VectorDinamicCPP\VectorDinamicTemplate.h(180): warning C26481: Don't use pointer arithmetic. Use span instead (bounds.1).
D:\Facultate\Programare orientata obiect\Laboratoare\Laborator 6\VectorDinamicCPP\VectorDinamicCPP\VectorDinamicCPP\VectorDinamicTemplate.h(132): warning C26439: This kind of function should not throw. Declare it 'noexcept' (f.6).
D:\Facultate\Programare orientata obiect\Laboratoare\Laborator 6\VectorDinamicCPP\VectorDinamicCPP\VectorDinamicCPP\VectorDinamicTemplate.h(208): warning C26440: Function 'VectDinNewDeleteT<Pet>::begin' can be declared 'noexcept' (f.6).
D:\Facultate\Programare orientata obiect\Laboratoare\Laborator 6\VectorDinamicCPP\VectorDinamicCPP\VectorDinamicCPP\VectorDinamicTemplate.h(214): warning C26440: Function 'VectDinNewDeleteT<Pet>::end' can be declared 'noexcept' (f.6).
D:\Facultate\Programare orientata obiect\Laboratoare\Laborator 6\VectorDinamicCPP\VectorDinamicCPP\VectorDinamicCPP\VectorDinamicTemplate.h(199): warning C26409: Avoid calling new and delete explicitly, use std::make_unique<T> instead (r.11).
D:\Facultate\Programare orientata obiect\Laboratoare\Laborator 6\VectorDinamicCPP\VectorDinamicCPP\VectorDinamicCPP\VectorDinamicTemplate.h(199): warning C26400: Do not assign the result of an allocation or a function call with an owner<T> return value to a raw pointer, use owner<T> instead (i.11).
D:\Facultate\Programare orientata obiect\Laboratoare\Laborator 6\VectorDinamicCPP\VectorDinamicCPP\VectorDinamicCPP\VectorDinamicTemplate.h(248): warning C26440: Function 'IteratorVectorT<Pet>::element' can be declared 'noexcept' (f.6).
D:\Facultate\Programare orientata obiect\Laboratoare\Laborator 6\VectorDinamicCPP\VectorDinamicCPP\VectorDinamicCPP\VectorDinamicTemplate.h(249): warning C26481: Don't use pointer arithmetic. Use span instead (bounds.1).
D:\Facultate\Programare orientata obiect\Laboratoare\Laborator 6\VectorDinamicCPP\VectorDinamicCPP\VectorDinamicCPP\VectorDinamicTemplate.h(253): warning C26440: Function 'IteratorVectorT<Pet>::next' can be declared 'noexcept' (f.6).
D:\Facultate\Programare orientata obiect\Laboratoare\Laborator 6\VectorDinamicCPP\VectorDinamicCPP\VectorDinamicCPP\VectDinNewDelete.cpp(8): warning C26455: Default constructor should not throw. Declare it 'noexcept' (f.6).
D:\Facultate\Programare orientata obiect\Laboratoare\Laborator 6\VectorDinamicCPP\VectorDinamicCPP\VectorDinamicCPP\VectDinNewDelete.cpp(8): warning C26409: Avoid calling new and delete explicitly, use std::make_unique<T> instead (r.11).
D:\Facultate\Programare orientata obiect\Laboratoare\Laborator 6\VectorDinamicCPP\VectorDinamicCPP\VectorDinamicCPP\VectDinNewDelete.cpp(17): warning C26409: Avoid calling new and delete explicitly, use std::make_unique<T> instead (r.11).
D:\Facultate\Programare orientata obiect\Laboratoare\Laborator 6\VectorDinamicCPP\VectorDinamicCPP\VectorDinamicCPP\VectDinNewDelete.cpp(37): warning C26409: Avoid calling new and delete explicitly, use std::make_unique<T> instead (r.11).
D:\Facultate\Programare orientata obiect\Laboratoare\Laborator 6\VectorDinamicCPP\VectorDinamicCPP\VectorDinamicCPP\VectDinNewDelete.cpp(60): warning C26439: This kind of function should not throw. Declare it 'noexcept' (f.6).
D:\Facultate\Programare orientata obiect\Laboratoare\Laborator 6\VectorDinamicCPP\VectorDinamicCPP\VectorDinamicCPP\VectDinNewDelete.cpp(81): warning C26439: This kind of function should not throw. Declare it 'noexcept' (f.6).
D:\Facultate\Programare orientata obiect\Laboratoare\Laborator 6\VectorDinamicCPP\VectorDinamicCPP\VectorDinamicCPP\VectDinNewDelete.cpp(104): warning C26440: Function 'VectDinNewDelete::get' can be declared 'noexcept' (f.6).
D:\Facultate\Programare orientata obiect\Laboratoare\Laborator 6\VectorDinamicCPP\VectorDinamicCPP\VectorDinamicCPP\VectDinNewDelete.cpp(105): warning C26481: Don't use pointer arithmetic. Use span instead (bounds.1).
D:\Facultate\Programare orientata obiect\Laboratoare\Laborator 6\VectorDinamicCPP\VectorDinamicCPP\VectorDinamicCPP\VectDinNewDelete.cpp(121): warning C26409: Avoid calling new and delete explicitly, use std::make_unique<T> instead (r.11).
D:\Facultate\Programare orientata obiect\Laboratoare\Laborator 6\VectorDinamicCPP\VectorDinamicCPP\VectorDinamicCPP\VectDinNewDelete.cpp(121): warning C26400: Do not assign the result of an allocation or a function call with an owner<T> return value to a raw pointer, use owner<T> instead (i.11).
D:\Facultate\Programare orientata obiect\Laboratoare\Laborator 6\VectorDinamicCPP\VectorDinamicCPP\VectorDinamicCPP\VectDinNewDelete.cpp(130): warning C26440: Function 'VectDinNewDelete::begin' can be declared 'noexcept' (f.6).
D:\Facultate\Programare orientata obiect\Laboratoare\Laborator 6\VectorDinamicCPP\VectorDinamicCPP\VectorDinamicCPP\VectDinNewDelete.cpp(135): warning C26440: Function 'VectDinNewDelete::end' can be declared 'noexcept' (f.6).
D:\Facultate\Programare orientata obiect\Laboratoare\Laborator 6\VectorDinamicCPP\VectorDinamicCPP\VectorDinamicCPP\VectDinNewDelete.cpp(148): warning C26481: Don't use pointer arithmetic. Use span instead (bounds.1).
D:\Facultate\Programare orientata obiect\Laboratoare\Laborator 6\VectorDinamicCPP\VectorDinamicCPP\VectorDinamicCPP\VectDinNewDelete.cpp(153): warning C26440: Function 'IteratorVector::operator*' can be declared 'noexcept' (f.6).
D:\Facultate\Programare orientata obiect\Laboratoare\Laborator 6\VectorDinamicCPP\VectorDinamicCPP\VectorDinamicCPP\VectDinNewDelete.cpp(156): warning C26440: Function 'IteratorVector::operator++' can be declared 'noexcept' (f.6).
D:\Facultate\Programare orientata obiect\Laboratoare\Laborator 6\VectorDinamicCPP\VectorDinamicCPP\VectorDinamicCPP\VectDinSmartPointer.cpp(8): warning C26455: Default constructor should not throw. Declare it 'noexcept' (f.6).
D:\Facultate\Programare orientata obiect\Laboratoare\Laborator 6\VectorDinamicCPP\VectorDinamicCPP\VectorDinamicCPP\VectDinSmartPointer.cpp(13): warning C26446: Prefer to use gsl::at() instead of unchecked subscript operator (bounds.4).
D:\Facultate\Programare orientata obiect\Laboratoare\Laborator 6\VectorDinamicCPP\VectorDinamicCPP\VectorDinamicCPP\VectDinSmartPointer.cpp(13): warning C26446: Prefer to use gsl::at() instead of unchecked subscript operator (bounds.4).
D:\Facultate\Programare orientata obiect\Laboratoare\Laborator 6\VectorDinamicCPP\VectorDinamicCPP\VectorDinamicCPP\VectDinSmartPointer.cpp(23): warning C26446: Prefer to use gsl::at() instead of unchecked subscript operator (bounds.4).
D:\Facultate\Programare orientata obiect\Laboratoare\Laborator 6\VectorDinamicCPP\VectorDinamicCPP\VectorDinamicCPP\VectDinSmartPointer.cpp(23): warning C26446: Prefer to use gsl::at() instead of unchecked subscript operator (bounds.4).
D:\Facultate\Programare orientata obiect\Laboratoare\Laborator 6\VectorDinamicCPP\VectorDinamicCPP\VectorDinamicCPP\VectDinSmartPointer.cpp(32): warning C26446: Prefer to use gsl::at() instead of unchecked subscript operator (bounds.4).
D:\Facultate\Programare orientata obiect\Laboratoare\Laborator 6\VectorDinamicCPP\VectorDinamicCPP\VectorDinamicCPP\VectDinSmartPointer.cpp(36): warning C26446: Prefer to use gsl::at() instead of unchecked subscript operator (bounds.4).
D:\Facultate\Programare orientata obiect\Laboratoare\Laborator 6\VectorDinamicCPP\VectorDinamicCPP\VectorDinamicCPP\VectDinSmartPointer.cpp(35): warning C26440: Function 'VectDinSmartPointer::get' can be declared 'noexcept' (f.6).
D:\Facultate\Programare orientata obiect\Laboratoare\Laborator 6\VectorDinamicCPP\VectorDinamicCPP\VectorDinamicCPP\VectDinSmartPointer.cpp(40): warning C26446: Prefer to use gsl::at() instead of unchecked subscript operator (bounds.4).
D:\Facultate\Programare orientata obiect\Laboratoare\Laborator 6\VectorDinamicCPP\VectorDinamicCPP\VectorDinamicCPP\VectDinSmartPointer.cpp(54): warning C26446: Prefer to use gsl::at() instead of unchecked subscript operator (bounds.4).
D:\Facultate\Programare orientata obiect\Laboratoare\Laborator 6\VectorDinamicCPP\VectorDinamicCPP\VectorDinamicCPP\VectDinSmartPointer.cpp(54): warning C26446: Prefer to use gsl::at() instead of unchecked subscript operator (bounds.4).
D:\Facultate\Programare orientata obiect\Laboratoare\Laborator 6\VectorDinamicCPP\VectorDinamicCPP\VectorDinamicCPP\VectDinSmartPointer.cpp(61): warning C26440: Function 'VectDinSmartPointer::begin' can be declared 'noexcept' (f.6).
D:\Facultate\Programare orientata obiect\Laboratoare\Laborator 6\VectorDinamicCPP\VectorDinamicCPP\VectorDinamicCPP\VectDinSmartPointer.cpp(66): warning C26440: Function 'VectDinSmartPointer::end' can be declared 'noexcept' (f.6).
D:\Facultate\Programare orientata obiect\Laboratoare\Laborator 6\VectorDinamicCPP\VectorDinamicCPP\VectorDinamicCPP\VectDinSmartPointer.cpp(79): warning C26446: Prefer to use gsl::at() instead of unchecked subscript operator (bounds.4).
D:\Facultate\Programare orientata obiect\Laboratoare\Laborator 6\VectorDinamicCPP\VectorDinamicCPP\VectorDinamicCPP\VectDinSmartPointer.cpp(84): warning C26440: Function 'IteratorVectorSP::operator*' can be declared 'noexcept' (f.6).
D:\Facultate\Programare orientata obiect\Laboratoare\Laborator 6\VectorDinamicCPP\VectorDinamicCPP\VectorDinamicCPP\VectDinSmartPointer.cpp(87): warning C26440: Function 'IteratorVectorSP::operator++' can be declared 'noexcept' (f.6).
