d:\facultate\programare orientata obiect\laboratoare\laborator 6\tema\tema\x64\debug\vc143.pdb
d:\facultate\programare orientata obiect\laboratoare\laborator 6\tema\tema\x64\debug\vc143.idb
d:\facultate\programare orientata obiect\laboratoare\laborator 6\tema\tema\x64\debug\book.nativecodeanalysis.sarif
d:\facultate\programare orientata obiect\laboratoare\laborator 6\tema\tema\x64\debug\book.nativecodeanalysis.xml
d:\facultate\programare orientata obiect\laboratoare\laborator 6\tema\tema\x64\debug\main.nativecodeanalysis.sarif
d:\facultate\programare orientata obiect\laboratoare\laborator 6\tema\tema\x64\debug\main.nativecodeanalysis.xml
d:\facultate\programare orientata obiect\laboratoare\laborator 6\tema\tema\x64\debug\repository.nativecodeanalysis.sarif
d:\facultate\programare orientata obiect\laboratoare\laborator 6\tema\tema\x64\debug\repository.nativecodeanalysis.xml
d:\facultate\programare orientata obiect\laboratoare\laborator 6\tema\tema\x64\debug\service.nativecodeanalysis.sarif
d:\facultate\programare orientata obiect\laboratoare\laborator 6\tema\tema\x64\debug\service.nativecodeanalysis.xml
d:\facultate\programare orientata obiect\laboratoare\laborator 6\tema\tema\x64\debug\tests.nativecodeanalysis.sarif
d:\facultate\programare orientata obiect\laboratoare\laborator 6\tema\tema\x64\debug\tests.nativecodeanalysis.xml
d:\facultate\programare orientata obiect\laboratoare\laborator 6\tema\tema\x64\debug\ui.nativecodeanalysis.sarif
d:\facultate\programare orientata obiect\laboratoare\laborator 6\tema\tema\x64\debug\ui.nativecodeanalysis.xml
d:\facultate\programare orientata obiect\laboratoare\laborator 6\tema\tema\x64\debug\validator.nativecodeanalysis.sarif
d:\facultate\programare orientata obiect\laboratoare\laborator 6\tema\tema\x64\debug\validator.nativecodeanalysis.xml
d:\facultate\programare orientata obiect\laboratoare\laborator 6\tema\tema\x64\debug\validator.obj
d:\facultate\programare orientata obiect\laboratoare\laborator 6\tema\tema\x64\debug\ui.obj
d:\facultate\programare orientata obiect\laboratoare\laborator 6\tema\tema\x64\debug\tests.obj
d:\facultate\programare orientata obiect\laboratoare\laborator 6\tema\tema\x64\debug\service.obj
d:\facultate\programare orientata obiect\laboratoare\laborator 6\tema\tema\x64\debug\repository.obj
d:\facultate\programare orientata obiect\laboratoare\laborator 6\tema\tema\x64\debug\main.obj
d:\facultate\programare orientata obiect\laboratoare\laborator 6\tema\tema\x64\debug\book.obj
d:\facultate\programare orientata obiect\laboratoare\laborator 6\tema\tema\x64\debug\linkedlist.nativecodeanalysis.sarif
d:\facultate\programare orientata obiect\laboratoare\laborator 6\tema\tema\x64\debug\linkedlist.nativecodeanalysis.xml
d:\facultate\programare orientata obiect\laboratoare\laborator 6\tema\tema\x64\debug\linkedlist.obj
d:\facultate\programare orientata obiect\laboratoare\laborator 6\tema\x64\debug\tema.exe
d:\facultate\programare orientata obiect\laboratoare\laborator 6\tema\x64\debug\tema.pdb
d:\facultate\programare orientata obiect\laboratoare\laborator 6\tema\tema\x64\debug\tema.ilk
d:\facultate\programare orientata obiect\laboratoare\laborator 6\tema\tema\x64\debug\vc.nativecodeanalysis.all.xml
d:\facultate\programare orientata obiect\laboratoare\laborator 6\tema\tema\x64\debug\tema.tlog\cl.command.1.tlog
d:\facultate\programare orientata obiect\laboratoare\laborator 6\tema\tema\x64\debug\tema.tlog\cl.items.tlog
d:\facultate\programare orientata obiect\laboratoare\laborator 6\tema\tema\x64\debug\tema.tlog\cl.read.1.tlog
d:\facultate\programare orientata obiect\laboratoare\laborator 6\tema\tema\x64\debug\tema.tlog\cl.write.1.tlog
d:\facultate\programare orientata obiect\laboratoare\laborator 6\tema\tema\x64\debug\tema.tlog\link.command.1.tlog
d:\facultate\programare orientata obiect\laboratoare\laborator 6\tema\tema\x64\debug\tema.tlog\link.read.1.tlog
d:\facultate\programare orientata obiect\laboratoare\laborator 6\tema\tema\x64\debug\tema.tlog\link.secondary.1.tlog
d:\facultate\programare orientata obiect\laboratoare\laborator 6\tema\tema\x64\debug\tema.tlog\link.write.1.tlog
