[2025-03-24 18:28:27] [info] Start Program:
Path:"D:\Facultate\Programare orientata obiect\Laboratoare\Laborator 4\Tema_var_finala\x64\Debug\Tema_var_finala.exe"
Arguments:
Working directory: "D:\Facultate\Programare orientata obiect\Laboratoare\Laborator 4\Tema_var_finala\"
Modules: Selected: D:\Facultate\Programare orientata obiect\Laboratoare\Laborator 4\Tema_var_finala\x64\Debug\Tema_var_finala.exe Excluded: 
Sources: Selected: D:\Facultate\Programare orientata obiect\Laboratoare\Laborator 4\Tema_var_finala Excluded: 
Log Level: Normal
Cover Children: 0
Aggregate by file: 1
Continue after C++ exception: 0
Optimized build support: 0
Export: Binary C:\Users\catal\AppData\Local\Temp\wffugyeo.drl 
Input coverage: 
Unified diff: 
Excluded line regular expressions: 
Substitute pdb source paths: 

[2025-03-24 18:28:28] [info] Module: D:\Facultate\Programare orientata obiect\Laboratoare\Laborator 4\Tema_var_finala\x64\Debug\Tema_var_finala.exe is selected because it matches selected pattern: D:\Facultate\Programare orientata obiect\Laboratoare\Laborator 4\Tema_var_finala\x64\Debug\Tema_var_finala.exe
[2025-03-24 18:28:29] [info] ----------------------------------------------------
[2025-03-24 18:28:29] [info] Coverage binary generated in file: C:\Users\catal\AppData\Local\Temp\wffugyeo.drl
[2025-03-24 18:28:29] [info] ----------------------------------------------------
