     1                                  bits 32
     2                                  
     3                                  extern exit, fopen, fread, printf, fclose
     4                                  
     5                                  import exit msvcrt.dll
     6                                  import fopen msvcrt.dll
     7                                  import fread msvcrt.dll
     8                                  import printf msvcrt.dll
     9                                  import fclose msvcrt.dll
    10                                  
    11                                  global start
    12                                  
    13                                  segment data use32 class=data
    14                                  
    15 00000000 72312E74787400          nume_fisier db "r1.txt", 0
    16 00000007 7200                    mod_acces db "r", 0
    17 00000009 00000000                descriptor dd 0
    18 0000000D 257300                  format db "%s", 0
    19 00000010 FF<rept>                text times 100 db -1
    20                                  
    21                                  segment code use32 class=code
    22                                  start:
    23                                      ;fopen(nume_fisier, mod_acces)
    24 00000000 68[07000000]                push dword mod_acces
    25 00000005 68[00000000]                push dword nume_fisier
    26 0000000A FF15[00000000]              call [fopen]
    27 00000010 83C408                      add esp, 4 * 2
    28                                      
    29 00000013 83F800                      cmp eax, 0
    30 00000016 7469                        je final
    31 00000018 A3[09000000]                mov [descriptor], eax
    32                                      
    33                                      ;fread(text, 1, 100, descriptor)
    34 0000001D FF35[09000000]              push dword [descriptor]
    35 00000023 6A64                        push dword 100
    36 00000025 6A01                        push dword 1
    37 00000027 68[10000000]                push dword text
    38 0000002C FF15[00000000]              call [fread]
    39 00000032 83C410                      add esp, 4 * 4
    40                                      
    41 00000035 89C1                        mov ecx, eax
    42 00000037 BF[10000000]                mov edi, text
    43 0000003C BE[10000000]                mov esi, text
    44                                      repeta:
    45 00000041 AC                              lodsb
    46                                          
    47 00000042 3C41                            cmp al, 'A'
    48 00000044 7C28                            jl gata
    49                                          
    50 00000046 3C5A                            cmp al, 'Z'
    51 00000048 7E0A                            jle e_litera
    52                                          
    53 0000004A 3C61                            cmp al, 'a'
    54 0000004C 7C20                            jl gata
    55                                          
    56 0000004E 3C7A                            cmp al, 'z'
    57 00000050 7E02                            jle e_litera
    58                                          
    59 00000052 EB1A                            jmp gata
    60                                          
    61                                          e_litera:
    62                                          
    63                                          p1:
    64 00000054 3C5A                            cmp al, 'Z'
    65 00000056 7504                            jne p2
    66 00000058 B042                            mov al, 'B'
    67 0000005A EB12                            jmp gata
    68                                          
    69                                          p2:
    70 0000005C 3C79                            cmp al, 'y'
    71 0000005E 7504                            jne p3
    72 00000060 B061                            mov al, 'a'
    73 00000062 EB0A                            jmp gata
    74                                          
    75                                          p3:
    76 00000064 3C59                            cmp al, 'Y'
    77 00000066 7504                            jne p4
    78 00000068 B041                            mov al, 'A'
    79 0000006A EB02                            jmp gata
    80                                          
    81                                          p4:
    82 0000006C 0402                            add al, 2
    83                                          
    84                                          gata:
    85 0000006E AA                              stosb
    86 0000006F E2D0                        loop repeta
    87                                      
    88                                      ;printf(format, text)
    89 00000071 68[10000000]                push dword text
    90 00000076 68[0D000000]                push dword format
    91 0000007B FF15[00000000]              call [printf]
    92                                      
    93                                      final:
    94                                      
    95                                      ;fclose(descriptor)
    96 00000081 FF35[09000000]              push dword [descriptor]
    97 00000087 FF15[00000000]              call [fclose]
    98                                      
    99 0000008D 6A00                        push dword 0
   100 0000008F FF15[00000000]              call [exit]
