[2025-05-19 19:30:18] [info] Start Program:
Path:"D:\Facultate\Programare orientata obiect\Laboratoare\Laborator 11\simulare\x64\Debug\simulare.exe"
Arguments:
Working directory: "D:\Facultate\Programare orientata obiect\Laboratoare\Laborator 11\simulare\"
Modules: Selected: D:\Facultate\Programare orientata obiect\Laboratoare\Laborator 11\simulare\x64\Debug\simulare.exe Excluded: 
Sources: Selected: D:\Facultate\Programare orientata obiect\Laboratoare\Laborator 11\simulare Excluded: 
Log Level: Normal
Cover Children: 0
Aggregate by file: 1
Continue after C++ exception: 0
Optimized build support: 0
Export: Binary C:\Users\catal\AppData\Local\Temp\gy0mrecv.j2x 
Input coverage: 
Unified diff: 
Excluded line regular expressions: 
Substitute pdb source paths: 

[2025-05-19 19:30:18] [info] Module: D:\Facultate\Programare orientata obiect\Laboratoare\Laborator 11\simulare\x64\Debug\simulare.exe is selected because it matches selected pattern: D:\Facultate\Programare orientata obiect\Laboratoare\Laborator 11\simulare\x64\Debug\simulare.exe
[2025-05-19 19:30:19] [info] ----------------------------------------------------
[2025-05-19 19:30:19] [info] Coverage binary generated in file: C:\Users\catal\AppData\Local\Temp\gy0mrecv.j2x
[2025-05-19 19:30:19] [info] ----------------------------------------------------
